S000GZ	Male
S000X1	Female
S0010Q	Female
S0012M	Female
S001C2	Male
S001GV	Female
S001KN	Male
S001NH	Male
S001T5	Male
S001YW	Male
S0020M	Male
S0021K	Male
S0026A	Female
S00278	Male
S00294	Male
S002EV	Male
S002FT	Male
S002KJ	Female
S002MF	Male
S002WW	Male
S002XU	Male
S0031G	Male
S0032E	Male
S00382	Male
S003AZ	Male
S003JH	Female
S003KF	Male
S003MB	Male
S003P5	Male
S003Q3	Female
S003R1	Female
S0041C	Female
S00446	Male
S004M7	Female
S004N5	Male
S005N1	Male
S005VM	Male
S005WK	Male
S00630	Male
S0064Z	Male
S006UK	Male
S006XE	Male
S007CF	Female
S007DD	Female
S007F9	Female
S007G7	Male
S007PQ	Male
S007VE	Male
S007WC	Male
S00D9Y	Male
S00DKC	Female
S00DP2	Female
S00DQ0	Male
S00E9U	Male
S00F9Q	Male
S00FK4	Female
S00FPV	Male
S00FUL	Female
S00FVJ	Male
S00G5U	Male
S00G7Q	Female
S00G9M	Female
S00GBI	Male
S00GEC	Male
S00GSL	Female
S00GWD	Female
S00H5Q	Female
S00HE8	Female
S00HVB	Male
S00J5I	Female
S00J9A	Female
S00JA8	Female
S00JD2	Female
S00JT7	Male
S00JU5	Male
S00JV3	Male
S00JYY	Female
S00K0O	Male
S00K4G	Male
S00KEX	Male
S00KFV	Male
S00KHR	Female
S00KKL	Female
S00M0G	Male
S00M1E	Male
S00M2C	Male
S00M48	Female
S00M80	Male
S00MBV	Male
S00N52	Female
S00N7Z	Female
S00NBR	Male
S00NHF	Female
S00NQY	Male
S00NRW	Male
S00NUQ	Female
S00NVO	Male
S00NWM	Female
S00NXK	Female
S00P04	Female
S00P20	Female
S00P4X	Female
S00P8P	Female
S00PBJ	Female
S00PCH	Male
S00PDF	Female
S00PED	Female
S00PK1	Male
S00PQQ	Female
S00PVG	Female
S00PWE	Male
S00PYA	Female
S00Q00	Female
S00Q4T	Female
S00Q5R	Male
S00Q6P	Female
S00QE9	Female
S00QPO	Female
S00QQM	Female
S00QRK	Female
S00QTG	Female
S00QUE	Female
S00QWA	Female
S00R0X	Female
S00R1V	Female
S00R9F	Female
S00RAD	Male
S00RBB	Male
S00RC9	Female
S00RD7	Male
S00RMQ	Male
S00S2P	Female
S00S4L	Female
S00S6H	Female
S00S7F	Female
S00SE1	Female
S00SHW	Female
S00SJS	Male
S00SMM	Male
S00SPG	Female
S00SV4	Female
S00SX0	Male
S00SYZ	Female
S00T4H	Female
S00T5F	Female
S00T6D	Male
S00TA5	Female
S00TT4	Male
S00U1J	Male
S00U3F	Female
S00U5B	Male
S00U77	Male
S00U93	Female
S00UKI	Male
S00UME	Male
S00V57	Female
S00V65	Female
S00VGM	Female
S00VVT	Female
S00W29	Female
S00W45	Female
S00WKA	Female
S00WP0	Female
S00WQZ	Female
S00WRX	Female
S00WTT	Female
S00XGE	Male
S00XHC	Male
S00XK6	Female
S00XRT	Female
S00YBK	Male
S00YCI	Male
S00YEE	Male
S00YH8	Female
S00YK2	Male
S00YRP	Female
S00YVH	Male
S0100M	Female
S010B0	Male
S010MF	Female
S010P9	Female
S010VY	Female
S011AZ	Female
S011DT	Male
S011ER	Female
S011HL	Female
S011JH	Female
S011UW	Male
S01238	Female
S01246	Female
S0130A	Male
S01342	Female
S0137X	Female
S013CN	Female
S013DL	Female
S013HD	Female
S013K7	Male
